python : C:\Users\ash
mi\AppData\Roaming\Py
thon\Python314\site-p
ackages\langchain_cor
e\pydantic_v1\__init_
_.py:15: 
UserWarning: Core 
Pydantic V1 
functionality isn't 
compatible with 
Python 3.14 or 
greater.
At line:1 char:1
+ python tests/verify
_graph.py > 
tests/error_log.txt 
2>&1
+ ~~~~~~~~~~~~~~~~~~~
~~~~~~~~~~~~~~~~~~~~~
~~~~~~~~~~~~~~~
    + CategoryInfo   
           : NotSpe  
  cified: (C:\User   
 s\ashmi\....14 o    
r greater.:Strin    
g) [], RemoteExc    
eption
    + FullyQualified 
   ErrorId : Native  
  CommandError
 
  from pydantic.v1 
import *  # noqa: 
F403
Traceback (most 
recent call last):
  File "C:\Users\ashm
i\DEEP_Research_V\tes
ts\verify_graph.py", 
line 7, in <module>
    from 
graph.workflow 
import app_graph
  File "C:\Users\ashm
i\DEEP_Research_V\gra
ph\workflow.py", 
line 1, in <module>
    from 
langgraph.graph 
import StateGraph, 
END
  File "C:\Users\ashm
i\AppData\Roaming\Pyt
hon\Python314\site-pa
ckages\langgraph\grap
h\__init__.py", line 
2, in <module>
    from langgraph.gr
aph.message import 
MessageGraph, 
MessagesState, 
add_messages
  File "C:\Users\ashm
i\AppData\Roaming\Pyt
hon\Python314\site-pa
ckages\langgraph\grap
h\message.py", line 
14, in <module>
    from langchain_co
re.messages import (
    ...<7 lines>...
    )
  File "C:\Users\ashm
i\AppData\Roaming\Pyt
hon\Python314\site-pa
ckages\langchain_core
\messages\__init__.py
", line 18, in 
<module>
    from langchain_co
re.messages.ai 
import (
    ...<2 lines>...
    )
  File "C:\Users\ashm
i\AppData\Roaming\Pyt
hon\Python314\site-pa
ckages\langchain_core
\messages\ai.py", 
line 11, in <module>
    from langchain_co
re.messages.tool 
import (
    ...<5 lines>...
    )
  File "C:\Users\ashm
i\AppData\Roaming\Pyt
hon\Python314\site-pa
ckages\langchain_core
\messages\tool.py", 
line 10, in <module>
    class ToolMessage
(BaseMessage):
    ...<77 lines>...
            super()._
_init__(content=conte
nt, **kwargs)
  File "C:\Users\ashm
i\AppData\Roaming\Pyt
hon\Python314\site-pa
ckages\pydantic\v1\ma
in.py", line 221, in 
__new__
    inferred = 
ModelField.infer(
        
name=var_name,
    ...<3 lines>...
        
config=config,
    )
  File "C:\Users\ashm
i\AppData\Roaming\Pyt
hon\Python314\site-pa
ckages\pydantic\v1\fi
elds.py", line 504, 
in infer
    return cls(
        name=name,
    ...<7 lines>...
        field_info=fi
eld_info,
    )
  File "C:\Users\ashm
i\AppData\Roaming\Pyt
hon\Python314\site-pa
ckages\pydantic\v1\fi
elds.py", line 434, 
in __init__
    self.prepare()
    ~~~~~~~~~~~~^^
  File "C:\Users\ashm
i\AppData\Roaming\Pyt
hon\Python314\site-pa
ckages\pydantic\v1\fi
elds.py", line 544, 
in prepare
    self._set_default
_and_type()
    ~~~~~~~~~~~~~~~~~
~~~~~~~~~^^
  File "C:\Users\ashm
i\AppData\Roaming\Pyt
hon\Python314\site-pa
ckages\pydantic\v1\fi
elds.py", line 576, 
in 
_set_default_and_type
    raise errors_.Con
figError(f'unable to 
infer type for 
attribute 
"{self.name}"')
pydantic.v1.errors.Co
nfigError: unable to 
infer type for 
attribute "artifact"
